2025-12-09 01:51:53,663 - INFO - Starting full metadata rebuild...
2025-12-09 01:51:53,669 - INFO - Found 165 run directories in /mnt/users/clin/workspace/hidden-markov-chain/records
2025-12-09 01:51:53,669 - INFO - Extracting metadata using 8 workers...
2025-12-09 01:52:00,518 - INFO - Successfully built metadata for 165 runs
2025-12-09 01:52:00,545 - INFO - Saved metadata to /mnt/users/clin/workspace/hidden-markov-chain/records/metadata.parquet (165 runs)
2025-12-09 01:52:00,546 - INFO - Validating metadata...
2025-12-09 01:52:00,635 - INFO - Metadata validation passed ✓
2025-12-09 01:54:27,341 - INFO - Loaded metadata from /mnt/users/clin/workspace/hidden-markov-chain/records/metadata.parquet (165 runs)
2025-12-09 01:54:27,341 - INFO - Starting incremental metadata update...
2025-12-09 01:54:27,344 - INFO - Found 166 run directories in /mnt/users/clin/workspace/hidden-markov-chain/records
2025-12-09 01:54:27,500 - INFO - Found 1 new runs
2025-12-09 01:54:27,501 - INFO - Re-scanning 0 previously running runs
2025-12-09 01:54:27,501 - INFO - Processing 1 runs...
2025-12-09 01:54:27,575 - INFO - Successfully updated metadata (1 new/updated)
2025-12-09 01:54:27,738 - INFO - Saved metadata to /mnt/users/clin/workspace/hidden-markov-chain/records/metadata.parquet (166 runs)
2025-12-09 01:54:27,738 - INFO - Validating metadata...
2025-12-09 01:54:27,741 - INFO - Metadata validation passed ✓
2025-12-09 01:54:32,347 - INFO - Loaded metadata from /mnt/users/clin/workspace/hidden-markov-chain/records/metadata.parquet (166 runs)
2025-12-09 01:54:32,347 - INFO - Validating metadata...
2025-12-09 01:54:32,350 - INFO - Metadata validation passed ✓
2025-12-09 10:09:45,330 - INFO - Starting full metadata rebuild...
2025-12-09 10:09:45,358 - INFO - Found 1812 run directories in /mnt/users/clin/workspace/hidden-markov-chain/records
2025-12-09 10:09:45,358 - INFO - Extracting metadata using 8 workers...
2025-12-09 10:10:29,586 - INFO - Successfully built metadata for 1812 runs
2025-12-09 10:10:29,634 - INFO - Saved metadata to /mnt/users/clin/workspace/hidden-markov-chain/records/metadata.parquet (1812 runs)
2025-12-09 10:10:29,634 - INFO - Validating metadata...
2025-12-09 10:10:29,640 - INFO - Metadata validation passed ✓
2025-12-09 11:04:21,223 - INFO - Starting full metadata rebuild...
2025-12-09 11:04:21,228 - INFO - Found 26 run directories in /mnt/users/clin/workspace/hidden-markov-chain/records
2025-12-09 11:04:21,228 - INFO - Extracting metadata using 8 workers...
2025-12-09 11:04:21,446 - INFO - Successfully built metadata for 26 runs
2025-12-09 11:04:21,484 - INFO - Saved metadata to /mnt/users/clin/workspace/hidden-markov-chain/records/metadata.parquet (26 runs)
2025-12-09 11:04:21,484 - INFO - Validating metadata...
2025-12-09 11:04:21,486 - INFO - Metadata validation passed ✓
2025-12-09 11:15:51,237 - INFO - Starting full metadata rebuild...
2025-12-09 11:15:51,244 - INFO - Found 27 run directories in /mnt/users/clin/workspace/hidden-markov-chain/records
2025-12-09 11:15:51,245 - INFO - Extracting metadata using 8 workers...
2025-12-09 11:15:51,475 - INFO - Successfully built metadata for 27 runs
2025-12-09 11:15:51,515 - INFO - Saved metadata to /mnt/users/clin/workspace/hidden-markov-chain/records/metadata.parquet (27 runs)
2025-12-09 11:15:51,515 - INFO - Validating metadata...
2025-12-09 11:15:51,523 - INFO - Metadata validation passed ✓
2025-12-09 11:35:04,169 - INFO - Starting full metadata rebuild...
2025-12-09 11:35:04,182 - INFO - Found 285 run directories in /mnt/users/clin/workspace/hidden-markov-chain/records
2025-12-09 11:35:04,183 - INFO - Extracting metadata using 8 workers...
2025-12-09 11:35:06,876 - INFO - Successfully built metadata for 285 runs
2025-12-09 11:35:06,930 - INFO - Saved metadata to /mnt/users/clin/workspace/hidden-markov-chain/records/metadata.parquet (285 runs)
2025-12-09 11:35:06,930 - INFO - Validating metadata...
2025-12-09 11:35:06,934 - INFO - Metadata validation passed ✓
2025-12-09 14:11:57,199 - INFO - Starting full metadata rebuild...
2025-12-09 14:11:57,342 - INFO - Found 647 run directories in /mnt/users/clin/workspace/hidden-markov-chain/records
2025-12-09 14:11:57,342 - INFO - Extracting metadata using 8 workers...
2025-12-09 14:12:05,745 - INFO - Successfully built metadata for 647 runs
2025-12-09 14:12:05,781 - INFO - Saved metadata to /mnt/users/clin/workspace/hidden-markov-chain/records/metadata.parquet (647 runs)
2025-12-09 14:12:05,781 - INFO - Validating metadata...
2025-12-09 14:12:05,786 - INFO - Metadata validation passed ✓
2025-12-10 13:18:34,204 - INFO - Loaded metadata from /mnt/extraspace/clin/records/metadata.parquet (647 runs)
2025-12-10 13:18:34,204 - INFO - Starting incremental metadata update...
2025-12-10 13:18:34,676 - INFO - Found 1307 run directories in /mnt/extraspace/clin/records
2025-12-10 13:18:34,678 - INFO - Found 660 new runs
2025-12-10 13:18:34,681 - INFO - Re-scanning 0 previously running runs
2025-12-10 13:18:34,681 - INFO - Processing 660 runs...
2025-12-10 13:19:20,114 - INFO - Successfully updated metadata (660 new/updated)
2025-12-10 13:19:20,154 - INFO - Saved metadata to /mnt/extraspace/clin/records/metadata.parquet (1307 runs)
2025-12-10 13:19:20,154 - INFO - Validating metadata...
2025-12-10 13:19:20,189 - WARNING - Run directory not found: /mnt/users/clin/workspace/hidden-markov-chain/records/20251209_122524_ef461ac0
2025-12-10 13:19:20,191 - WARNING - Run directory not found: /mnt/users/clin/workspace/hidden-markov-chain/records/20251209_120549_17ca8391
2025-12-10 13:19:20,191 - WARNING - Run directory not found: /mnt/users/clin/workspace/hidden-markov-chain/records/20251209_112348_b1ca6c94
2025-12-10 13:19:20,194 - WARNING - Metadata validation failed - see warnings above
2025-12-10 13:21:14,755 - INFO - Starting full metadata rebuild...
2025-12-10 13:21:15,245 - INFO - Found 1307 run directories in /mnt/extraspace/clin/records
2025-12-10 13:21:15,246 - INFO - Extracting metadata using 8 workers...
2025-12-10 13:21:44,812 - INFO - Successfully built metadata for 1307 runs
2025-12-10 13:21:44,843 - INFO - Saved metadata to /mnt/extraspace/clin/records/metadata.parquet (1307 runs)
2025-12-10 13:21:44,843 - INFO - Validating metadata...
2025-12-10 13:21:44,849 - INFO - Metadata validation passed ✓
2026-03-06 18:17:55,319 - INFO - Starting full metadata rebuild...
2026-03-06 18:17:55,725 - INFO - Found 1329 run directories in /mnt/extraspace/clin/records
2026-03-06 18:17:55,726 - INFO - Extracting metadata using 8 workers...
2026-03-06 18:18:27,906 - INFO - Successfully built metadata for 1329 runs
2026-03-06 18:18:27,973 - INFO - Saved metadata to /mnt/extraspace/clin/records/metadata.parquet (1329 runs)
2026-03-06 18:18:27,973 - INFO - Validating metadata...
2026-03-06 18:18:27,981 - INFO - Metadata validation passed ✓
2026-03-06 18:21:23,989 - INFO - Loaded metadata from /mnt/extraspace/clin/records/metadata.parquet (1329 runs)
2026-03-06 18:21:23,989 - INFO - Starting incremental metadata update...
2026-03-06 18:21:24,600 - INFO - Found 1329 run directories in /mnt/extraspace/clin/records
2026-03-06 18:21:24,602 - INFO - Found 0 new runs
2026-03-06 18:21:24,605 - INFO - Re-scanning 0 previously running runs
2026-03-06 18:21:24,605 - INFO - No updates needed
2026-03-06 18:21:24,758 - INFO - Saved metadata to /mnt/extraspace/clin/records/metadata.parquet (1329 runs)
2026-03-06 18:21:24,758 - INFO - Validating metadata...
2026-03-06 18:21:24,771 - INFO - Metadata validation passed ✓
